// Jest Snapshot v1, https://goo.gl/fbAQLP

exports[`<App /> App snapshot is not broken 1`] = `
<div
  data-testid="app"
>
  <div
    class="sc-AxjAm cjszfE"
  >
    <header
      class="sc-fznyAO jBhkDv"
      title="Happy Food delivery"
    >
      <div
        class="sc-fznKkj jicYTg"
      >
        <div
          class="sc-fznZeY kTFUcO"
        >
          <div
            class="sc-fzokOt UmfV"
          >
            <div
              class="sc-fzqBZW kYZkKs"
            >
              Looking for a good weekend meal?
            </div>
            <div
              class="sc-fzqNJr dBVfsZ"
            >
              Happy food delivery and great experience
            </div>
          </div>
        </div>
        <div
          class="sc-fzoyAV eLzJZv"
        >
          <img
            alt="main header food image"
            class="sc-fzoLag KLpkJ"
            src=""
          />
        </div>
      </div>
    </header>
    <div
      class="sc-fzoXzr jrrecU"
    >
      <h3
        class="sc-fzpjYC eCKese"
      >
        Discover Helsinki
      </h3>
    </div>
    <div
      class="sc-fznxsB cDttkW"
    >
      <button
        class="sc-fzpans iNQWQD"
      >
        <img
          class="sc-fzplWN jYDeff"
          src=""
        />
        Sort Restaurants
      </button>
    </div>
    <div
      data-testid="restaurants-list"
    >
      <div
        class="sc-fzoLsD lmAwna"
      >
        <div
          class="sc-AxirZ hiYudo"
        >
          <div
            style="display: inline-block; height: 158px; width: 210px; position: relative;"
          >
            <canvas
              height="32"
              punch="1"
              style="position: absolute; top: 0px; bottom: 0px; left: 0px; right: 0px; width: 100%; height: 100%;"
              width="32"
            />
          </div>
          <img
            alt="Arnolds Forum_image"
            class="sc-AxiKw gJLiA"
            src="https://prod-wolt-venue-images-cdn.wolt.com/56288e4b13ca203c6efb07fd/0cf7bea0ede96a9c017d966155d17995"
            style="display: none;"
          />
          <div
            class="sc-AxhCb kNIUKJ"
          >
            <div
              class="sc-AxhUy jZSYEE"
            >
              Arnolds Forum
            </div>
            <div
              class="sc-AxgMl CORwf"
            >
              Amerikkalaistyylinen kahvila
            </div>
          </div>
          <div
            class="sc-AxheI iXcNiZ"
          >
            <span
              class="sc-Axmtr gbpUmn"
            >
               Delivery 
              3.90
               €
            </span>
            <div
              class="sc-AxmLO cAKCgh"
            >
              <span
                class="sc-fzozJi fSOJId"
              >
                café
              </span>
              <span
                class="sc-fzozJi fSOJId"
              >
                smoothie
              </span>
            </div>
          </div>
        </div>
        <div
          class="sc-AxirZ hiYudo"
        >
          <div
            style="display: inline-block; height: 158px; width: 210px; position: relative;"
          >
            <canvas
              height="32"
              punch="1"
              style="position: absolute; top: 0px; bottom: 0px; left: 0px; right: 0px; width: 100%; height: 100%;"
              width="32"
            />
          </div>
          <img
            alt="Base Camp Yliopistonkatu_image"
            class="sc-AxiKw gJLiA"
            src="https://prod-wolt-venue-images-cdn.wolt.com/55fa75f1c04ebe1d044c6799/564f79a2f7727050a01a7916382c33b6"
            style="display: none;"
          />
          <div
            class="sc-AxhCb kNIUKJ"
          >
            <div
              class="sc-AxhUy jZSYEE"
            >
              Base Camp Yliopistonkatu
            </div>
            <div
              class="sc-AxgMl CORwf"
            >
              Aitoa nepalilaista ruokaa
            </div>
          </div>
          <div
            class="sc-AxheI iXcNiZ"
          >
            <span
              class="sc-Axmtr gbpUmn"
            >
               Delivery 
              3.90
               €
            </span>
            <div
              class="sc-AxmLO cAKCgh"
            >
              <span
                class="sc-fzozJi fSOJId"
              >
                nepalese
              </span>
              <span
                class="sc-fzozJi fSOJId"
              >
                spicy
              </span>
            </div>
          </div>
        </div>
        <div
          class="sc-AxirZ hiYudo"
        >
          <div
            style="display: inline-block; height: 158px; width: 210px; position: relative;"
          >
            <canvas
              height="32"
              punch="1"
              style="position: absolute; top: 0px; bottom: 0px; left: 0px; right: 0px; width: 100%; height: 100%;"
              width="32"
            />
          </div>
          <img
            alt="Biáng! Citycenter_image"
            class="sc-AxiKw gJLiA"
            src="https://prod-wolt-venue-images-cdn.wolt.com/5cfa497902b535ee1c620fca/2c451d88fe96dc04d228dc4cd3dd23a5"
            style="display: none;"
          />
          <div
            class="sc-AxhCb kNIUKJ"
          >
            <div
              class="sc-AxhUy jZSYEE"
            >
              Biáng! Citycenter
            </div>
            <div
              class="sc-AxgMl CORwf"
            >
              Viihtyisä kiinalainen ravintola
            </div>
          </div>
          <div
            class="sc-AxheI iXcNiZ"
          >
            <span
              class="sc-Axmtr gbpUmn"
            >
               Delivery 
              3.90
               €
            </span>
            <div
              class="sc-AxmLO cAKCgh"
            >
              <span
                class="sc-fzozJi fSOJId"
              >
                chinese
              </span>
              <span
                class="sc-fzozJi fSOJId"
              >
                asian
              </span>
            </div>
          </div>
        </div>
        <div
          class="sc-AxirZ hiYudo"
        >
          <div
            style="display: inline-block; height: 158px; width: 210px; position: relative;"
          >
            <canvas
              height="32"
              punch="1"
              style="position: absolute; top: 0px; bottom: 0px; left: 0px; right: 0px; width: 100%; height: 100%;"
              width="32"
            />
          </div>
          <img
            alt="Burger King Mannerheimintie_image"
            class="sc-AxiKw gJLiA"
            src="https://prod-wolt-venue-images-cdn.wolt.com/5a43b26f47f236000d931ef8/17f135df32054eea1867cc4a5425c7a5"
            style="display: none;"
          />
          <div
            class="sc-AxhCb kNIUKJ"
          >
            <div
              class="sc-AxhUy jZSYEE"
            >
              Burger King Mannerheimintie
            </div>
            <div
              class="sc-AxgMl CORwf"
            >
              Liekillä grillatut hampurilaiset
            </div>
          </div>
          <div
            class="sc-AxheI iXcNiZ"
          >
            <span
              class="sc-Axmtr gbpUmn"
            >
               Delivery 
              3.90
               €
            </span>
            <div
              class="sc-AxmLO cAKCgh"
            >
              <span
                class="sc-fzozJi fSOJId"
              >
                hamburger
              </span>
              <span
                class="sc-fzozJi fSOJId"
              >
                chicken
              </span>
            </div>
          </div>
        </div>
        <div
          class="sc-AxirZ hiYudo"
        >
          <div
            style="display: inline-block; height: 158px; width: 210px; position: relative;"
          >
            <canvas
              height="32"
              punch="1"
              style="position: absolute; top: 0px; bottom: 0px; left: 0px; right: 0px; width: 100%; height: 100%;"
              width="32"
            />
          </div>
          <img
            alt="Classic Pizza Restaurant Forum_image"
            class="sc-AxiKw gJLiA"
            src="https://prod-wolt-venue-images-cdn.wolt.com/5c7e85ce3456b6000e4ca16d/f4bc5e4563deed45240f43e1858e3eb3"
            style="display: none;"
          />
          <div
            class="sc-AxhCb kNIUKJ"
          >
            <div
              class="sc-AxhUy jZSYEE"
            >
              Classic Pizza Restaurant Forum
            </div>
            <div
              class="sc-AxgMl CORwf"
            >
              Herkullisia premium-pizzoja
            </div>
          </div>
          <div
            class="sc-AxheI iXcNiZ"
          >
            <span
              class="sc-Axmtr gbpUmn"
            >
               Delivery 
              3.90
               €
            </span>
            <div
              class="sc-AxmLO cAKCgh"
            >
              <span
                class="sc-fzozJi fSOJId"
              >
                pizza
              </span>
              <span
                class="sc-fzozJi fSOJId"
              >
                premium
              </span>
            </div>
          </div>
        </div>
        <div
          class="sc-AxirZ hiYudo"
        >
          <div
            style="display: inline-block; height: 158px; width: 210px; position: relative;"
          >
            <canvas
              height="32"
              punch="1"
              style="position: absolute; top: 0px; bottom: 0px; left: 0px; right: 0px; width: 100%; height: 100%;"
              width="32"
            />
          </div>
          <img
            alt="Classic Pizza Restaurant Stockmann_image"
            class="sc-AxiKw gJLiA"
            src="https://prod-wolt-venue-images-cdn.wolt.com/5cd14ade4bac6f478a5380bf/fb1274eac7797ef590b25adb5b2c37ff"
            style="display: none;"
          />
          <div
            class="sc-AxhCb kNIUKJ"
          >
            <div
              class="sc-AxhUy jZSYEE"
            >
              Classic Pizza Restaurant Stockmann
            </div>
            <div
              class="sc-AxgMl CORwf"
            >
              Herkullisia premium-pizzoja
            </div>
          </div>
          <div
            class="sc-AxheI iXcNiZ"
          >
            <span
              class="sc-Axmtr gbpUmn"
            >
               Delivery 
              3.90
               €
            </span>
            <div
              class="sc-AxmLO cAKCgh"
            >
              <span
                class="sc-fzozJi fSOJId"
              >
                pizza
              </span>
              <span
                class="sc-fzozJi fSOJId"
              >
                premium
              </span>
            </div>
          </div>
        </div>
        <div
          class="sc-AxirZ hiYudo"
        >
          <div
            style="display: inline-block; height: 158px; width: 210px; position: relative;"
          >
            <canvas
              height="32"
              punch="1"
              style="position: absolute; top: 0px; bottom: 0px; left: 0px; right: 0px; width: 100%; height: 100%;"
              width="32"
            />
          </div>
          <img
            alt="Döner Harju City_image"
            class="sc-AxiKw gJLiA"
            src="https://prod-wolt-venue-images-cdn.wolt.com/5abcf2d270aae6000deacff0/9c21840f97e01f5c293eae0993b4faa2"
            style="display: none;"
          />
          <div
            class="sc-AxhCb kNIUKJ"
          >
            <div
              class="sc-AxhUy jZSYEE"
            >
              Döner Harju City
            </div>
            <div
              class="sc-AxgMl CORwf"
            >
              Modernia gourmet-kebabia 
            </div>
          </div>
          <div
            class="sc-AxheI iXcNiZ"
          >
            <span
              class="sc-Axmtr gbpUmn"
            >
               Delivery 
              3.90
               €
            </span>
            <div
              class="sc-AxmLO cAKCgh"
            >
              <span
                class="sc-fzozJi fSOJId"
              >
                kebab
              </span>
              <span
                class="sc-fzozJi fSOJId"
              >
                döner
              </span>
            </div>
          </div>
        </div>
        <div
          class="sc-AxirZ hiYudo"
        >
          <div
            style="display: inline-block; height: 158px; width: 210px; position: relative;"
          >
            <canvas
              height="32"
              punch="1"
              style="position: absolute; top: 0px; bottom: 0px; left: 0px; right: 0px; width: 100%; height: 100%;"
              width="32"
            />
          </div>
          <img
            alt="Eat Poke HKI_image"
            class="sc-AxiKw gJLiA"
            src="https://prod-wolt-venue-images-cdn.wolt.com/589ca97e51559a1ce5a61f13/8d1518569b7ce3ba72036c24b361a2cd"
            style="display: none;"
          />
          <div
            class="sc-AxhCb kNIUKJ"
          >
            <div
              class="sc-AxhUy jZSYEE"
            >
              Eat Poke HKI
            </div>
            <div
              class="sc-AxgMl CORwf"
            >
              Helsingin ensimmäinen kokonaan poke-kulhoille omistettu ravintola
            </div>
          </div>
          <div
            class="sc-AxheI iXcNiZ"
          >
            <span
              class="sc-Axmtr gbpUmn"
            >
               Delivery 
              3.90
               €
            </span>
            <div
              class="sc-AxmLO cAKCgh"
            >
              <span
                class="sc-fzozJi fSOJId"
              >
                bowl
              </span>
              <span
                class="sc-fzozJi fSOJId"
              >
                american
              </span>
            </div>
          </div>
        </div>
        <div
          class="sc-AxirZ hiYudo"
        >
          <div
            style="display: inline-block; height: 158px; width: 210px; position: relative;"
          >
            <canvas
              height="32"
              punch="1"
              style="position: absolute; top: 0px; bottom: 0px; left: 0px; right: 0px; width: 100%; height: 100%;"
              width="32"
            />
          </div>
          <img
            alt="Elmo Sport Bistro_image"
            class="sc-AxiKw gJLiA"
            src="https://prod-wolt-venue-images-cdn.wolt.com/592c1c3d02d61d597578fcb0/4239ff30a6e5c964b33ca9ec6b65aef5"
            style="display: none;"
          />
          <div
            class="sc-AxhCb kNIUKJ"
          >
            <div
              class="sc-AxhUy jZSYEE"
            >
              Elmo Sport Bistro
            </div>
            <div
              class="sc-AxgMl CORwf"
            >
              Tunnelmallinen bistro
            </div>
          </div>
          <div
            class="sc-AxheI iXcNiZ"
          >
            <span
              class="sc-Axmtr gbpUmn"
            >
               Delivery 
              3.90
               €
            </span>
            <div
              class="sc-AxmLO cAKCgh"
            >
              <span
                class="sc-fzozJi fSOJId"
              >
                salad
              </span>
              <span
                class="sc-fzozJi fSOJId"
              >
                pizza
              </span>
            </div>
          </div>
        </div>
        <div
          class="sc-AxirZ hiYudo"
        >
          <div
            style="display: inline-block; height: 158px; width: 210px; position: relative;"
          >
            <canvas
              height="32"
              punch="1"
              style="position: absolute; top: 0px; bottom: 0px; left: 0px; right: 0px; width: 100%; height: 100%;"
              width="32"
            />
          </div>
          <img
            alt="Fafa's Citykäytävä_image"
            class="sc-AxiKw gJLiA"
            src="https://prod-wolt-venue-images-cdn.wolt.com/5996b207ac09660afae98373/7680cf2cffae35b7302e3a91b65ce8f5"
            style="display: none;"
          />
          <div
            class="sc-AxhCb kNIUKJ"
          >
            <div
              class="sc-AxhUy jZSYEE"
            >
              Fafa's Citykäytävä
            </div>
            <div
              class="sc-AxgMl CORwf"
            >
              Herkulliset pitaleivät ja falafelit
            </div>
          </div>
          <div
            class="sc-AxheI iXcNiZ"
          >
            <span
              class="sc-Axmtr gbpUmn"
            >
               Delivery 
              3.90
               €
            </span>
            <div
              class="sc-AxmLO cAKCgh"
            >
              <span
                class="sc-fzozJi fSOJId"
              >
                pita
              </span>
              <span
                class="sc-fzozJi fSOJId"
              >
                falafel
              </span>
            </div>
          </div>
        </div>
        <div
          class="sc-AxirZ hiYudo"
        >
          <div
            style="display: inline-block; height: 158px; width: 210px; position: relative;"
          >
            <canvas
              height="32"
              punch="1"
              style="position: absolute; top: 0px; bottom: 0px; left: 0px; right: 0px; width: 100%; height: 100%;"
              width="32"
            />
          </div>
          <img
            alt="Fafa's Mikonkatu_image"
            class="sc-AxiKw gJLiA"
            src="https://prod-wolt-venue-images-cdn.wolt.com/57026b075382793337a5d810/fa4af1398029dcf8510267b3d8381fda"
            style="display: none;"
          />
          <div
            class="sc-AxhCb kNIUKJ"
          >
            <div
              class="sc-AxhUy jZSYEE"
            >
              Fafa's Mikonkatu
            </div>
            <div
              class="sc-AxgMl CORwf"
            >
              Herkulliset pitaleivät ja falafelit
            </div>
          </div>
          <div
            class="sc-AxheI iXcNiZ"
          >
            <span
              class="sc-Axmtr gbpUmn"
            >
               Delivery 
              3.90
               €
            </span>
            <div
              class="sc-AxmLO cAKCgh"
            >
              <span
                class="sc-fzozJi fSOJId"
              >
                pita
              </span>
              <span
                class="sc-fzozJi fSOJId"
              >
                falafel
              </span>
            </div>
          </div>
        </div>
        <div
          class="sc-AxirZ hiYudo"
        >
          <div
            style="display: inline-block; height: 158px; width: 210px; position: relative;"
          >
            <canvas
              height="32"
              punch="1"
              style="position: absolute; top: 0px; bottom: 0px; left: 0px; right: 0px; width: 100%; height: 100%;"
              width="32"
            />
          </div>
          <img
            alt="Fafa's Sokos_image"
            class="sc-AxiKw gJLiA"
            src="https://prod-wolt-venue-images-cdn.wolt.com/5de0e07c8995dc9c25304c9f/7680cf2cffae35b7302e3a91b65ce8f5"
            style="display: none;"
          />
          <div
            class="sc-AxhCb kNIUKJ"
          >
            <div
              class="sc-AxhUy jZSYEE"
            >
              Fafa's Sokos
            </div>
            <div
              class="sc-AxgMl CORwf"
            >
              Maukkaat ja reilut pitat, salaatit ja falafelit
            </div>
          </div>
          <div
            class="sc-AxheI iXcNiZ"
          >
            <span
              class="sc-Axmtr gbpUmn"
            >
               Delivery 
              3.90
               €
            </span>
            <div
              class="sc-AxmLO cAKCgh"
            >
              <span
                class="sc-fzozJi fSOJId"
              >
                street food
              </span>
              <span
                class="sc-fzozJi fSOJId"
              >
                pita
              </span>
            </div>
          </div>
        </div>
        <div
          class="sc-AxirZ hiYudo"
        >
          <div
            style="display: inline-block; height: 158px; width: 210px; position: relative;"
          >
            <canvas
              height="32"
              punch="1"
              style="position: absolute; top: 0px; bottom: 0px; left: 0px; right: 0px; width: 100%; height: 100%;"
              width="32"
            />
          </div>
          <img
            alt="Fazer Café Forum_image"
            class="sc-AxiKw gJLiA"
            src="https://prod-wolt-venue-images-cdn.wolt.com/5a05981ba76f3b000cd03d26/867515acfc4d40583fd5e564289f0c40"
            style="display: none;"
          />
          <div
            class="sc-AxhCb kNIUKJ"
          >
            <div
              class="sc-AxhUy jZSYEE"
            >
              Fazer Café Forum
            </div>
            <div
              class="sc-AxgMl CORwf"
            >
              Moderni klassinen kahvila
            </div>
          </div>
          <div
            class="sc-AxheI iXcNiZ"
          >
            <span
              class="sc-Axmtr gbpUmn"
            >
               Delivery 
              3.90
               €
            </span>
            <div
              class="sc-AxmLO cAKCgh"
            >
              <span
                class="sc-fzozJi fSOJId"
              >
                salad
              </span>
              <span
                class="sc-fzozJi fSOJId"
              >
                sandwich
              </span>
            </div>
          </div>
        </div>
        <div
          class="sc-AxirZ hiYudo"
        >
          <div
            style="display: inline-block; height: 158px; width: 210px; position: relative;"
          >
            <canvas
              height="32"
              punch="1"
              style="position: absolute; top: 0px; bottom: 0px; left: 0px; right: 0px; width: 100%; height: 100%;"
              width="32"
            />
          </div>
          <img
            alt="FLQ Kaisaniemi_image"
            class="sc-AxiKw gJLiA"
            src="https://prod-wolt-venue-images-cdn.wolt.com/5de10291107530a9eff0a6d4/60bb8d0268e723ff3741fe21324b71fb"
            style="display: none;"
          />
          <div
            class="sc-AxhCb kNIUKJ"
          >
            <div
              class="sc-AxhUy jZSYEE"
            >
              FLQ Kaisaniemi
            </div>
            <div
              class="sc-AxgMl CORwf"
            >
              Herkullinen aasialainen
            </div>
          </div>
          <div
            class="sc-AxheI iXcNiZ"
          >
            <span
              class="sc-Axmtr gbpUmn"
            >
               Delivery 
              3.90
               €
            </span>
            <div
              class="sc-AxmLO cAKCgh"
            >
              <span
                class="sc-fzozJi fSOJId"
              >
                asian
              </span>
              <span
                class="sc-fzozJi fSOJId"
              >
                sushi
              </span>
            </div>
          </div>
        </div>
        <div
          class="sc-AxirZ hiYudo"
        >
          <div
            style="display: inline-block; height: 158px; width: 210px; position: relative;"
          >
            <canvas
              height="32"
              punch="1"
              style="position: absolute; top: 0px; bottom: 0px; left: 0px; right: 0px; width: 100%; height: 100%;"
              width="32"
            />
          </div>
          <img
            alt="FreshStop Eliel_image"
            class="sc-AxiKw gJLiA"
            src="https://prod-wolt-venue-images-cdn.wolt.com/56653ef5c26b4c6830ede645/7ebc624172ee732134538bebde1d0f20"
            style="display: none;"
          />
          <div
            class="sc-AxhCb kNIUKJ"
          >
            <div
              class="sc-AxhUy jZSYEE"
            >
              FreshStop Eliel
            </div>
            <div
              class="sc-AxgMl CORwf"
            >
              Smoothiet ja leivät nopeasti
            </div>
          </div>
          <div
            class="sc-AxheI iXcNiZ"
          >
            <span
              class="sc-Axmtr gbpUmn"
            >
               Delivery 
              3.90
               €
            </span>
            <div
              class="sc-AxmLO cAKCgh"
            >
              <span
                class="sc-fzozJi fSOJId"
              >
                café
              </span>
              <span
                class="sc-fzozJi fSOJId"
              >
                coffee
              </span>
            </div>
          </div>
        </div>
        <div
          class="sc-AxirZ hiYudo"
        >
          <div
            style="display: inline-block; height: 158px; width: 210px; position: relative;"
          >
            <canvas
              height="32"
              punch="1"
              style="position: absolute; top: 0px; bottom: 0px; left: 0px; right: 0px; width: 100%; height: 100%;"
              width="32"
            />
          </div>
          <img
            alt="Friends & Brgrs Helsinki_image"
            class="sc-AxiKw gJLiA"
            src="https://prod-wolt-venue-images-cdn.wolt.com/5cf625dde24129e12f1ec781/636748c3a82679c58550c52e69f152af"
            style="display: none;"
          />
          <div
            class="sc-AxhCb kNIUKJ"
          >
            <div
              class="sc-AxhUy jZSYEE"
            >
              Friends & Brgrs Helsinki
            </div>
            <div
              class="sc-AxgMl CORwf"
            >
              Gourmet hampurilaisia ja triple-cooked ranskalaisia
            </div>
          </div>
          <div
            class="sc-AxheI iXcNiZ"
          >
            <span
              class="sc-Axmtr gbpUmn"
            >
               Delivery 
              3.90
               €
            </span>
            <div
              class="sc-AxmLO cAKCgh"
            >
              <span
                class="sc-fzozJi fSOJId"
              >
                burger
              </span>
              <span
                class="sc-fzozJi fSOJId"
              >
                hamburger
              </span>
            </div>
          </div>
        </div>
        <div
          class="sc-AxirZ hiYudo"
        >
          <div
            style="display: inline-block; height: 158px; width: 210px; position: relative;"
          >
            <canvas
              height="32"
              punch="1"
              style="position: absolute; top: 0px; bottom: 0px; left: 0px; right: 0px; width: 100%; height: 100%;"
              width="32"
            />
          </div>
          <img
            alt="Fuku Helsinki_image"
            class="sc-AxiKw gJLiA"
            src="https://prod-wolt-venue-images-cdn.wolt.com/54fed4b8747daa39fff94ff2/57606ccce2a2ed4ce98d4043934e013e"
            style="display: none;"
          />
          <div
            class="sc-AxhCb kNIUKJ"
          >
            <div
              class="sc-AxhUy jZSYEE"
            >
              Fuku Helsinki
            </div>
            <div
              class="sc-AxgMl CORwf"
            >
              Laadukasta sushia
            </div>
          </div>
          <div
            class="sc-AxheI iXcNiZ"
          >
            <span
              class="sc-Axmtr gbpUmn"
            >
               Delivery 
              3.90
               €
            </span>
            <div
              class="sc-AxmLO cAKCgh"
            >
              <span
                class="sc-fzozJi fSOJId"
              >
                sushi
              </span>
              <span
                class="sc-fzozJi fSOJId"
              >
                japanese
              </span>
            </div>
          </div>
        </div>
        <div
          class="sc-AxirZ hiYudo"
        >
          <div
            style="display: inline-block; height: 158px; width: 210px; position: relative;"
          >
            <canvas
              height="32"
              punch="1"
              style="position: absolute; top: 0px; bottom: 0px; left: 0px; right: 0px; width: 100%; height: 100%;"
              width="32"
            />
          </div>
          <img
            alt="Grande Grill & Green_image"
            class="sc-AxiKw gJLiA"
            src="https://prod-wolt-venue-images-cdn.wolt.com/568f828c4f2a1574b22f31f6/25d4cb0845abef6d0375f69df874bbb4"
            style="display: none;"
          />
          <div
            class="sc-AxhCb kNIUKJ"
          >
            <div
              class="sc-AxhUy jZSYEE"
            >
              Grande Grill & Green
            </div>
            <div
              class="sc-AxgMl CORwf"
            >
              Vegeystävällinen pihviravintola
            </div>
          </div>
          <div
            class="sc-AxheI iXcNiZ"
          >
            <span
              class="sc-Axmtr gbpUmn"
            >
               Delivery 
              3.90
               €
            </span>
            <div
              class="sc-AxmLO cAKCgh"
            >
              <span
                class="sc-fzozJi fSOJId"
              >
                steak
              </span>
              <span
                class="sc-fzozJi fSOJId"
              >
                ribs
              </span>
            </div>
          </div>
        </div>
        <div
          class="sc-AxirZ hiYudo"
        >
          <div
            style="display: inline-block; height: 158px; width: 210px; position: relative;"
          >
            <canvas
              height="32"
              punch="1"
              style="position: absolute; top: 0px; bottom: 0px; left: 0px; right: 0px; width: 100%; height: 100%;"
              width="32"
            />
          </div>
          <img
            alt="Haiku Sushi_image"
            class="sc-AxiKw gJLiA"
            src="https://prod-wolt-venue-images-cdn.wolt.com/5bd16f9fae0064000c88ce3a/4579a3e0b606975c69ebcf2ab1a50d4b"
            style="display: none;"
          />
          <div
            class="sc-AxhCb kNIUKJ"
          >
            <div
              class="sc-AxhUy jZSYEE"
            >
              Haiku Sushi
            </div>
            <div
              class="sc-AxgMl CORwf"
            >
              Käsintehtyä sushia
            </div>
          </div>
          <div
            class="sc-AxheI iXcNiZ"
          >
            <span
              class="sc-Axmtr gbpUmn"
            >
               Delivery 
              3.90
               €
            </span>
            <div
              class="sc-AxmLO cAKCgh"
            >
              <span
                class="sc-fzozJi fSOJId"
              >
                sushi
              </span>
              <span
                class="sc-fzozJi fSOJId"
              >
                japanese
              </span>
            </div>
          </div>
        </div>
        <div
          class="sc-AxirZ hiYudo"
        >
          <div
            style="display: inline-block; height: 158px; width: 210px; position: relative;"
          >
            <canvas
              height="32"
              punch="1"
              style="position: absolute; top: 0px; bottom: 0px; left: 0px; right: 0px; width: 100%; height: 100%;"
              width="32"
            />
          </div>
          <img
            alt="Hanko Sushi Forum_image"
            class="sc-AxiKw gJLiA"
            src="https://prod-wolt-venue-images-cdn.wolt.com/56a1d69c38115153ce516be7/b55be8561839f5bf03cf1e78933a8295"
            style="display: none;"
          />
          <div
            class="sc-AxhCb kNIUKJ"
          >
            <div
              class="sc-AxhUy jZSYEE"
            >
              Hanko Sushi Forum
            </div>
            <div
              class="sc-AxgMl CORwf"
            >
              Sushia tuoreista raaka-aineista
            </div>
          </div>
          <div
            class="sc-AxheI iXcNiZ"
          >
            <span
              class="sc-Axmtr gbpUmn"
            >
               Delivery 
              3.90
               €
            </span>
            <div
              class="sc-AxmLO cAKCgh"
            >
              <span
                class="sc-fzozJi fSOJId"
              >
                sushi
              </span>
              <span
                class="sc-fzozJi fSOJId"
              >
                japanese
              </span>
            </div>
          </div>
        </div>
        <div
          class="sc-AxirZ hiYudo"
        >
          <div
            style="display: inline-block; height: 158px; width: 210px; position: relative;"
          >
            <canvas
              height="32"
              punch="1"
              style="position: absolute; top: 0px; bottom: 0px; left: 0px; right: 0px; width: 100%; height: 100%;"
              width="32"
            />
          </div>
          <img
            alt="Hanko Sushi Stockmann_image"
            class="sc-AxiKw gJLiA"
            src="https://prod-wolt-venue-images-cdn.wolt.com/5ccab0d56f0ac41e1cd75f7f/3204aff8bf9036615d694f0f85755726"
            style="display: none;"
          />
          <div
            class="sc-AxhCb kNIUKJ"
          >
            <div
              class="sc-AxhUy jZSYEE"
            >
              Hanko Sushi Stockmann
            </div>
            <div
              class="sc-AxgMl CORwf"
            >
              Sushia tuoreista raaka-aineista
            </div>
          </div>
          <div
            class="sc-AxheI iXcNiZ"
          >
            <span
              class="sc-Axmtr gbpUmn"
            >
               Delivery 
              3.90
               €
            </span>
            <div
              class="sc-AxmLO cAKCgh"
            >
              <span
                class="sc-fzozJi fSOJId"
              >
                sushi
              </span>
              <span
                class="sc-fzozJi fSOJId"
              >
                japanese
              </span>
            </div>
          </div>
        </div>
        <div
          class="sc-AxirZ hiYudo"
        >
          <div
            style="display: inline-block; height: 158px; width: 210px; position: relative;"
          >
            <canvas
              height="32"
              punch="1"
              style="position: absolute; top: 0px; bottom: 0px; left: 0px; right: 0px; width: 100%; height: 100%;"
              width="32"
            />
          </div>
          <img
            alt="Happy Waffle Helsinki_image"
            class="sc-AxiKw gJLiA"
            src="https://prod-wolt-venue-images-cdn.wolt.com/5cebc11129767db5f44809e6/68415e1504b099daa40f4bf69f230224"
            style="display: none;"
          />
          <div
            class="sc-AxhCb kNIUKJ"
          >
            <div
              class="sc-AxhUy jZSYEE"
            >
              Happy Waffle Helsinki
            </div>
            <div
              class="sc-AxgMl CORwf"
            >
              Herkulliset makeat ja suolaiset vohvelit
            </div>
          </div>
          <div
            class="sc-AxheI iXcNiZ"
          >
            <span
              class="sc-Axmtr gbpUmn"
            >
               Delivery 
              3.90
               €
            </span>
            <div
              class="sc-AxmLO cAKCgh"
            >
              <span
                class="sc-fzozJi fSOJId"
              >
                waffles
              </span>
              <span
                class="sc-fzozJi fSOJId"
              >
                sweet
              </span>
            </div>
          </div>
        </div>
        <div
          class="sc-AxirZ hiYudo"
        >
          <div
            style="display: inline-block; height: 158px; width: 210px; position: relative;"
          >
            <canvas
              height="32"
              punch="1"
              style="position: absolute; top: 0px; bottom: 0px; left: 0px; right: 0px; width: 100%; height: 100%;"
              width="32"
            />
          </div>
          <img
            alt="Hey Poke Citycenter_image"
            class="sc-AxiKw gJLiA"
            src="https://prod-wolt-venue-images-cdn.wolt.com/5b8e46f4c9d2f5000b8216fa/4c97474360f98231b7bb1f90e430855d"
            style="display: none;"
          />
          <div
            class="sc-AxhCb kNIUKJ"
          >
            <div
              class="sc-AxhUy jZSYEE"
            >
              Hey Poke Citycenter
            </div>
            <div
              class="sc-AxgMl CORwf"
            >
              Trendikkäät havaijilaiset poket
            </div>
          </div>
          <div
            class="sc-AxheI iXcNiZ"
          >
            <span
              class="sc-Axmtr gbpUmn"
            >
               Delivery 
              3.90
               €
            </span>
            <div
              class="sc-AxmLO cAKCgh"
            >
              <span
                class="sc-fzozJi fSOJId"
              >
                poke
              </span>
              <span
                class="sc-fzozJi fSOJId"
              >
                Hawaii
              </span>
            </div>
          </div>
        </div>
        <div
          class="sc-AxirZ hiYudo"
        >
          <div
            style="display: inline-block; height: 158px; width: 210px; position: relative;"
          >
            <canvas
              height="32"
              punch="1"
              style="position: absolute; top: 0px; bottom: 0px; left: 0px; right: 0px; width: 100%; height: 100%;"
              width="32"
            />
          </div>
          <img
            alt="Huacheng_image"
            class="sc-AxiKw gJLiA"
            src="https://prod-wolt-venue-images-cdn.wolt.com/59896e4afe13b41d94815c80/67761101f983121bd46972bd5f511969"
            style="display: none;"
          />
          <div
            class="sc-AxhCb kNIUKJ"
          >
            <div
              class="sc-AxhUy jZSYEE"
            >
              Huacheng
            </div>
            <div
              class="sc-AxgMl CORwf"
            >
              Autenttinen kiinalainen
            </div>
          </div>
          <div
            class="sc-AxheI iXcNiZ"
          >
            <span
              class="sc-Axmtr gbpUmn"
            >
               Delivery 
              3.90
               €
            </span>
            <div
              class="sc-AxmLO cAKCgh"
            >
              <span
                class="sc-fzozJi fSOJId"
              >
                chinese
              </span>
              <span
                class="sc-fzozJi fSOJId"
              >
                asian
              </span>
            </div>
          </div>
        </div>
        <div
          class="sc-AxirZ hiYudo"
        >
          <div
            style="display: inline-block; height: 158px; width: 210px; position: relative;"
          >
            <canvas
              height="32"
              punch="1"
              style="position: absolute; top: 0px; bottom: 0px; left: 0px; right: 0px; width: 100%; height: 100%;"
              width="32"
            />
          </div>
          <img
            alt="Jufu Rautatientori_image"
            class="sc-AxiKw gJLiA"
            src="https://prod-wolt-venue-images-cdn.wolt.com/56c2ec86909ca36c652dad14/14aa53560b987b36da0d50069ca7e267"
            style="display: none;"
          />
          <div
            class="sc-AxhCb kNIUKJ"
          >
            <div
              class="sc-AxhUy jZSYEE"
            >
              Jufu Rautatientori
            </div>
            <div
              class="sc-AxgMl CORwf"
            >
              Kiinalaisia perinneruokia
            </div>
          </div>
          <div
            class="sc-AxheI iXcNiZ"
          >
            <span
              class="sc-Axmtr gbpUmn"
            >
               Delivery 
              3.90
               €
            </span>
            <div
              class="sc-AxmLO cAKCgh"
            >
              <span
                class="sc-fzozJi fSOJId"
              >
                chinese
              </span>
              <span
                class="sc-fzozJi fSOJId"
              >
                sushi
              </span>
            </div>
          </div>
        </div>
        <div
          class="sc-AxirZ hiYudo"
        >
          <div
            style="display: inline-block; height: 158px; width: 210px; position: relative;"
          >
            <canvas
              height="32"
              punch="1"
              style="position: absolute; top: 0px; bottom: 0px; left: 0px; right: 0px; width: 100%; height: 100%;"
              width="32"
            />
          </div>
          <img
            alt="Jungle Juice Bar Forum_image"
            class="sc-AxiKw gJLiA"
            src="https://prod-wolt-venue-images-cdn.wolt.com/553df9d27ce4db6244fb0ba9/8088de706e432f14376bf98c2b50816c"
            style="display: none;"
          />
          <div
            class="sc-AxhCb kNIUKJ"
          >
            <div
              class="sc-AxhUy jZSYEE"
            >
              Jungle Juice Bar Forum
            </div>
            <div
              class="sc-AxgMl CORwf"
            >
              Piristävät mehut & smoothiet
            </div>
          </div>
          <div
            class="sc-AxheI iXcNiZ"
          >
            <span
              class="sc-Axmtr gbpUmn"
            >
               Delivery 
              3.90
               €
            </span>
            <div
              class="sc-AxmLO cAKCgh"
            >
              <span
                class="sc-fzozJi fSOJId"
              >
                fruit
              </span>
              <span
                class="sc-fzozJi fSOJId"
              >
                smoothie
              </span>
            </div>
          </div>
        </div>
        <div
          class="sc-AxirZ hiYudo"
        >
          <div
            style="display: inline-block; height: 158px; width: 210px; position: relative;"
          >
            <canvas
              height="32"
              punch="1"
              style="position: absolute; top: 0px; bottom: 0px; left: 0px; right: 0px; width: 100%; height: 100%;"
              width="32"
            />
          </div>
          <img
            alt="Kippo_image"
            class="sc-AxiKw gJLiA"
            src="https://prod-wolt-venue-images-cdn.wolt.com/552aa44a88762f5c29a82cf2/6143ff1c11d01c51163edd34e0a8e865"
            style="display: none;"
          />
          <div
            class="sc-AxhCb kNIUKJ"
          >
            <div
              class="sc-AxhUy jZSYEE"
            >
              Kippo
            </div>
            <div
              class="sc-AxgMl CORwf"
            >
              Modernia vegeruokaa
            </div>
          </div>
          <div
            class="sc-AxheI iXcNiZ"
          >
            <span
              class="sc-Axmtr gbpUmn"
            >
               Delivery 
              3.90
               €
            </span>
            <div
              class="sc-AxmLO cAKCgh"
            >
              <span
                class="sc-fzozJi fSOJId"
              >
                sandwich
              </span>
              <span
                class="sc-fzozJi fSOJId"
              >
                vegetable
              </span>
            </div>
          </div>
        </div>
        <div
          class="sc-AxirZ hiYudo"
        >
          <div
            style="display: inline-block; height: 158px; width: 210px; position: relative;"
          >
            <canvas
              height="32"
              punch="1"
              style="position: absolute; top: 0px; bottom: 0px; left: 0px; right: 0px; width: 100%; height: 100%;"
              width="32"
            />
          </div>
          <img
            alt="La Torrefazione Lasipalatsi_image"
            class="sc-AxiKw gJLiA"
            src="https://prod-wolt-venue-images-cdn.wolt.com/5af953c7207d2d000b7aa366/8058b84912713366f8f3ac56069588be"
            style="display: none;"
          />
          <div
            class="sc-AxhCb kNIUKJ"
          >
            <div
              class="sc-AxhUy jZSYEE"
            >
              La Torrefazione Lasipalatsi
            </div>
            <div
              class="sc-AxgMl CORwf"
            >
              Kahvila vaativampaankin makuun
            </div>
          </div>
          <div
            class="sc-AxheI iXcNiZ"
          >
            <span
              class="sc-Axmtr gbpUmn"
            >
               Delivery 
              3.90
               €
            </span>
            <div
              class="sc-AxmLO cAKCgh"
            >
              <span
                class="sc-fzozJi fSOJId"
              >
                breakfast
              </span>
              <span
                class="sc-fzozJi fSOJId"
              >
                smoothie
              </span>
            </div>
          </div>
        </div>
        <div
          class="sc-AxirZ hiYudo"
        >
          <div
            style="display: inline-block; height: 158px; width: 210px; position: relative;"
          >
            <canvas
              height="32"
              punch="1"
              style="position: absolute; top: 0px; bottom: 0px; left: 0px; right: 0px; width: 100%; height: 100%;"
              width="32"
            />
          </div>
          <img
            alt="Luckiefun's Kaivokatu_image"
            class="sc-AxiKw gJLiA"
            src="https://prod-wolt-venue-images-cdn.wolt.com/5ad7050b879256000b477e16/705b6f09e5e4b33779b45afffb994cac"
            style="display: none;"
          />
          <div
            class="sc-AxhCb kNIUKJ"
          >
            <div
              class="sc-AxhUy jZSYEE"
            >
              Luckiefun's Kaivokatu
            </div>
            <div
              class="sc-AxgMl CORwf"
            >
              Tuoretta ja laadukasta sushia
            </div>
          </div>
          <div
            class="sc-AxheI iXcNiZ"
          >
            <span
              class="sc-Axmtr gbpUmn"
            >
               Delivery 
              3.90
               €
            </span>
            <div
              class="sc-AxmLO cAKCgh"
            >
              <span
                class="sc-fzozJi fSOJId"
              >
                sushi
              </span>
              <span
                class="sc-fzozJi fSOJId"
              >
                japanese
              </span>
            </div>
          </div>
        </div>
        <div
          class="sc-AxirZ hiYudo"
        >
          <div
            style="display: inline-block; height: 158px; width: 210px; position: relative;"
          >
            <canvas
              height="32"
              punch="1"
              style="position: absolute; top: 0px; bottom: 0px; left: 0px; right: 0px; width: 100%; height: 100%;"
              width="32"
            />
          </div>
          <img
            alt="Mashiro Postitalo_image"
            class="sc-AxiKw gJLiA"
            src="https://prod-wolt-venue-images-cdn.wolt.com/5caf4751b216dd000dd73660/bb2cdb3942e414c2a07b153d6949c0c4"
            style="display: none;"
          />
          <div
            class="sc-AxhCb kNIUKJ"
          >
            <div
              class="sc-AxhUy jZSYEE"
            >
              Mashiro Postitalo
            </div>
            <div
              class="sc-AxgMl CORwf"
            >
              Japanilaista ruokaa twistillä
            </div>
          </div>
          <div
            class="sc-AxheI iXcNiZ"
          >
            <span
              class="sc-Axmtr gbpUmn"
            >
               Delivery 
              3.90
               €
            </span>
            <div
              class="sc-AxmLO cAKCgh"
            >
              <span
                class="sc-fzozJi fSOJId"
              >
                japanese
              </span>
              <span
                class="sc-fzozJi fSOJId"
              >
                modern
              </span>
            </div>
          </div>
        </div>
        <div
          class="sc-AxirZ hiYudo"
        >
          <div
            style="display: inline-block; height: 158px; width: 210px; position: relative;"
          >
            <canvas
              height="32"
              punch="1"
              style="position: absolute; top: 0px; bottom: 0px; left: 0px; right: 0px; width: 100%; height: 100%;"
              width="32"
            />
          </div>
          <img
            alt="McDonald's Forum Katutaso_image"
            class="sc-AxiKw gJLiA"
            src="https://prod-wolt-venue-images-cdn.wolt.com/5ae605a7349077000b1f5ef4/51a6fc3beb1c0ec0ee807ea4b4408fcd"
            style="display: none;"
          />
          <div
            class="sc-AxhCb kNIUKJ"
          >
            <div
              class="sc-AxhUy jZSYEE"
            >
              McDonald's Forum Katutaso
            </div>
            <div
              class="sc-AxgMl CORwf"
            >
              I'm lovin' it
            </div>
          </div>
          <div
            class="sc-AxheI iXcNiZ"
          >
            <span
              class="sc-Axmtr gbpUmn"
            >
               Delivery 
              3.90
               €
            </span>
            <div
              class="sc-AxmLO cAKCgh"
            >
              <span
                class="sc-fzozJi fSOJId"
              >
                hamburger
              </span>
              <span
                class="sc-fzozJi fSOJId"
              >
                fries
              </span>
            </div>
          </div>
        </div>
        <div
          class="sc-AxirZ hiYudo"
        >
          <div
            style="display: inline-block; height: 158px; width: 210px; position: relative;"
          >
            <canvas
              height="32"
              punch="1"
              style="position: absolute; top: 0px; bottom: 0px; left: 0px; right: 0px; width: 100%; height: 100%;"
              width="32"
            />
          </div>
          <img
            alt="Momotoko Citycenter_image"
            class="sc-AxiKw gJLiA"
            src="https://prod-wolt-venue-images-cdn.wolt.com/5d108aa82e757db3f4946ca9/d88ebd36611a5e56bfc6a60264fe3f81"
            style="display: none;"
          />
          <div
            class="sc-AxhCb kNIUKJ"
          >
            <div
              class="sc-AxhUy jZSYEE"
            >
              Momotoko Citycenter
            </div>
            <div
              class="sc-AxgMl CORwf"
            >
              Japanilaista ramenia parhaimmillaan
            </div>
          </div>
          <div
            class="sc-AxheI iXcNiZ"
          >
            <span
              class="sc-Axmtr gbpUmn"
            >
               Delivery 
              3.90
               €
            </span>
            <div
              class="sc-AxmLO cAKCgh"
            >
              <span
                class="sc-fzozJi fSOJId"
              >
                ramen
              </span>
              <span
                class="sc-fzozJi fSOJId"
              >
                risotto
              </span>
            </div>
          </div>
        </div>
        <div
          class="sc-AxirZ hiYudo"
        >
          <div
            style="display: inline-block; height: 158px; width: 210px; position: relative;"
          >
            <canvas
              height="32"
              punch="1"
              style="position: absolute; top: 0px; bottom: 0px; left: 0px; right: 0px; width: 100%; height: 100%;"
              width="32"
            />
          </div>
          <img
            alt="MorriSon's Helsinki_image"
            class="sc-AxiKw gJLiA"
            src="https://prod-wolt-venue-images-cdn.wolt.com/568f89054f2a1574b0bf0d21/ba4c91a913aa4e7bee2157d26800f9d3"
            style="display: none;"
          />
          <div
            class="sc-AxhCb kNIUKJ"
          >
            <div
              class="sc-AxhUy jZSYEE"
            >
              MorriSon's Helsinki
            </div>
            <div
              class="sc-AxgMl CORwf"
            >
              Herkullisia burgereita ja pihvejä
            </div>
          </div>
          <div
            class="sc-AxheI iXcNiZ"
          >
            <span
              class="sc-Axmtr gbpUmn"
            >
               Delivery 
              3.90
               €
            </span>
            <div
              class="sc-AxmLO cAKCgh"
            >
              <span
                class="sc-fzozJi fSOJId"
              >
                steak
              </span>
              <span
                class="sc-fzozJi fSOJId"
              >
                bar
              </span>
            </div>
          </div>
        </div>
        <div
          class="sc-AxirZ hiYudo"
        >
          <div
            style="display: inline-block; height: 158px; width: 210px; position: relative;"
          >
            <canvas
              height="32"
              punch="1"
              style="position: absolute; top: 0px; bottom: 0px; left: 0px; right: 0px; width: 100%; height: 100%;"
              width="32"
            />
          </div>
          <img
            alt="O'Learys Bakers_image"
            class="sc-AxiKw gJLiA"
            src="https://prod-wolt-venue-images-cdn.wolt.com/5a1fab116727b2000cb60485/70b7e5d41c1adb8d31ec439336bc77a4"
            style="display: none;"
          />
          <div
            class="sc-AxhCb kNIUKJ"
          >
            <div
              class="sc-AxhUy jZSYEE"
            >
              O'Learys Bakers
            </div>
            <div
              class="sc-AxgMl CORwf"
            >
              Maukkaita ja runsaita annoksia
            </div>
          </div>
          <div
            class="sc-AxheI iXcNiZ"
          >
            <span
              class="sc-Axmtr gbpUmn"
            >
               Delivery 
              3.90
               €
            </span>
            <div
              class="sc-AxmLO cAKCgh"
            >
              <span
                class="sc-fzozJi fSOJId"
              >
                hamburger
              </span>
              <span
                class="sc-fzozJi fSOJId"
              >
                wings
              </span>
            </div>
          </div>
        </div>
        <div
          class="sc-AxirZ hiYudo"
        >
          <div
            style="display: inline-block; height: 158px; width: 210px; position: relative;"
          >
            <canvas
              height="32"
              punch="1"
              style="position: absolute; top: 0px; bottom: 0px; left: 0px; right: 0px; width: 100%; height: 100%;"
              width="32"
            />
          </div>
          <img
            alt="Picnic Forum Kukontori_image"
            class="sc-AxiKw gJLiA"
            src="https://prod-wolt-venue-images-cdn.wolt.com/5c8a5b14832f47000bd6ded2/a62c60063d10c4b1945582f63c83794a"
            style="display: none;"
          />
          <div
            class="sc-AxhCb kNIUKJ"
          >
            <div
              class="sc-AxhUy jZSYEE"
            >
              Picnic Forum Kukontori
            </div>
            <div
              class="sc-AxgMl CORwf"
            >
              Tuoretta ja herkullista ruokaa
            </div>
          </div>
          <div
            class="sc-AxheI iXcNiZ"
          >
            <span
              class="sc-Axmtr gbpUmn"
            >
               Delivery 
              3.90
               €
            </span>
            <div
              class="sc-AxmLO cAKCgh"
            >
              <span
                class="sc-fzozJi fSOJId"
              >
                sandwich
              </span>
              <span
                class="sc-fzozJi fSOJId"
              >
                salad
              </span>
            </div>
          </div>
        </div>
        <div
          class="sc-AxirZ hiYudo"
        >
          <div
            style="display: inline-block; height: 158px; width: 210px; position: relative;"
          >
            <canvas
              height="32"
              punch="1"
              style="position: absolute; top: 0px; bottom: 0px; left: 0px; right: 0px; width: 100%; height: 100%;"
              width="32"
            />
          </div>
          <img
            alt="Picnic Yliopistonkatu_image"
            class="sc-AxiKw gJLiA"
            src="https://prod-wolt-venue-images-cdn.wolt.com/56fb827bad0ea370a6ab1cfc/4834fbf85136d709765adc096d8739f8"
            style="display: none;"
          />
          <div
            class="sc-AxhCb kNIUKJ"
          >
            <div
              class="sc-AxhUy jZSYEE"
            >
              Picnic Yliopistonkatu
            </div>
            <div
              class="sc-AxgMl CORwf"
            >
              Tuoretta ja herkullista ruokaa
            </div>
          </div>
          <div
            class="sc-AxheI iXcNiZ"
          >
            <span
              class="sc-Axmtr gbpUmn"
            >
               Delivery 
              3.90
               €
            </span>
            <div
              class="sc-AxmLO cAKCgh"
            >
              <span
                class="sc-fzozJi fSOJId"
              >
                sandwich
              </span>
              <span
                class="sc-fzozJi fSOJId"
              >
                salad
              </span>
            </div>
          </div>
        </div>
        <div
          class="sc-AxirZ hiYudo"
        >
          <div
            style="display: inline-block; height: 158px; width: 210px; position: relative;"
          >
            <canvas
              height="32"
              punch="1"
              style="position: absolute; top: 0px; bottom: 0px; left: 0px; right: 0px; width: 100%; height: 100%;"
              width="32"
            />
          </div>
          <img
            alt="Pizza Hut Citykäytävä_image"
            class="sc-AxiKw gJLiA"
            src="https://prod-wolt-venue-images-cdn.wolt.com/55fff28cdef54a6c86e71bd5/dbe320a61e265a1a85293db4d4f962ae"
            style="display: none;"
          />
          <div
            class="sc-AxhCb kNIUKJ"
          >
            <div
              class="sc-AxhUy jZSYEE"
            >
              Pizza Hut Citykäytävä
            </div>
            <div
              class="sc-AxgMl CORwf"
            >
              Maailman suurin pizzaketju
            </div>
          </div>
          <div
            class="sc-AxheI iXcNiZ"
          >
            <span
              class="sc-Axmtr gbpUmn"
            >
               Delivery 
              3.90
               €
            </span>
            <div
              class="sc-AxmLO cAKCgh"
            />
          </div>
        </div>
        <div
          class="sc-AxirZ hiYudo"
        >
          <div
            style="display: inline-block; height: 158px; width: 210px; position: relative;"
          >
            <canvas
              height="32"
              punch="1"
              style="position: absolute; top: 0px; bottom: 0px; left: 0px; right: 0px; width: 100%; height: 100%;"
              width="32"
            />
          </div>
          <img
            alt="Pizza Hut Forum_image"
            class="sc-AxiKw gJLiA"
            src="https://prod-wolt-venue-images-cdn.wolt.com/5c5c791252b75d000aad59ff/dbe320a61e265a1a85293db4d4f962ae"
            style="display: none;"
          />
          <div
            class="sc-AxhCb kNIUKJ"
          >
            <div
              class="sc-AxhUy jZSYEE"
            >
              Pizza Hut Forum
            </div>
            <div
              class="sc-AxgMl CORwf"
            >
              Herkullisia pizzoja
            </div>
          </div>
          <div
            class="sc-AxheI iXcNiZ"
          >
            <span
              class="sc-Axmtr gbpUmn"
            >
               Delivery 
              3.90
               €
            </span>
            <div
              class="sc-AxmLO cAKCgh"
            >
              <span
                class="sc-fzozJi fSOJId"
              >
                pizza
              </span>
              <span
                class="sc-fzozJi fSOJId"
              >
                family
              </span>
            </div>
          </div>
        </div>
        <div
          class="sc-AxirZ hiYudo"
        >
          <div
            style="display: inline-block; height: 158px; width: 210px; position: relative;"
          >
            <canvas
              height="32"
              punch="1"
              style="position: absolute; top: 0px; bottom: 0px; left: 0px; right: 0px; width: 100%; height: 100%;"
              width="32"
            />
          </div>
          <img
            alt="Pizzeria & Spagetteria MorriSon's_image"
            class="sc-AxiKw gJLiA"
            src="https://prod-wolt-venue-images-cdn.wolt.com/568f8bdf32e715490b1f9f1f/14ba87022c62a50a3809f43fbee9430b"
            style="display: none;"
          />
          <div
            class="sc-AxhCb kNIUKJ"
          >
            <div
              class="sc-AxhUy jZSYEE"
            >
              Pizzeria & Spagetteria MorriSon's
            </div>
            <div
              class="sc-AxgMl CORwf"
            >
              Maukkaita pizzoja ja pastoja
            </div>
          </div>
          <div
            class="sc-AxheI iXcNiZ"
          >
            <span
              class="sc-Axmtr gbpUmn"
            >
               Delivery 
              3.90
               €
            </span>
            <div
              class="sc-AxmLO cAKCgh"
            >
              <span
                class="sc-fzozJi fSOJId"
              >
                pizza
              </span>
              <span
                class="sc-fzozJi fSOJId"
              >
                pasta
              </span>
            </div>
          </div>
        </div>
        <div
          class="sc-AxirZ hiYudo"
        >
          <div
            style="display: inline-block; height: 158px; width: 210px; position: relative;"
          >
            <canvas
              height="32"
              punch="1"
              style="position: absolute; top: 0px; bottom: 0px; left: 0px; right: 0px; width: 100%; height: 100%;"
              width="32"
            />
          </div>
          <img
            alt="Sandro Citykäytävä_image"
            class="sc-AxiKw gJLiA"
            src="https://prod-wolt-venue-images-cdn.wolt.com/5d63b2f947e0db48e4c19e46/f790340eaf6cce48712fd7a0887ba65c"
            style="display: none;"
          />
          <div
            class="sc-AxhCb kNIUKJ"
          >
            <div
              class="sc-AxhUy jZSYEE"
            >
              Sandro Citykäytävä
            </div>
            <div
              class="sc-AxgMl CORwf"
            >
              Fresh ingredients makes fresh taste
            </div>
          </div>
          <div
            class="sc-AxheI iXcNiZ"
          >
            <span
              class="sc-Axmtr gbpUmn"
            >
               Delivery 
              3.90
               €
            </span>
            <div
              class="sc-AxmLO cAKCgh"
            >
              <span
                class="sc-fzozJi fSOJId"
              >
                middle eastern
              </span>
              <span
                class="sc-fzozJi fSOJId"
              >
                north-african
              </span>
            </div>
          </div>
        </div>
        <div
          class="sc-AxirZ hiYudo"
        >
          <div
            style="display: inline-block; height: 158px; width: 210px; position: relative;"
          >
            <canvas
              height="32"
              punch="1"
              style="position: absolute; top: 0px; bottom: 0px; left: 0px; right: 0px; width: 100%; height: 100%;"
              width="32"
            />
          </div>
          <img
            alt="Santa Fé_image"
            class="sc-AxiKw gJLiA"
            src="https://prod-wolt-venue-images-cdn.wolt.com/568f7f3532e7153bff4acd44/0378c2da44b0946efdde51cd7ceb5187"
            style="display: none;"
          />
          <div
            class="sc-AxhCb kNIUKJ"
          >
            <div
              class="sc-AxhUy jZSYEE"
            >
              Santa Fé
            </div>
            <div
              class="sc-AxgMl CORwf"
            >
              Meksikon eksoottiset maut
            </div>
          </div>
          <div
            class="sc-AxheI iXcNiZ"
          >
            <span
              class="sc-Axmtr gbpUmn"
            >
               Delivery 
              3.90
               €
            </span>
            <div
              class="sc-AxmLO cAKCgh"
            >
              <span
                class="sc-fzozJi fSOJId"
              >
                mexican
              </span>
              <span
                class="sc-fzozJi fSOJId"
              >
                tex-mex
              </span>
            </div>
          </div>
        </div>
        <div
          class="sc-AxirZ hiYudo"
        >
          <div
            style="display: inline-block; height: 158px; width: 210px; position: relative;"
          >
            <canvas
              height="32"
              punch="1"
              style="position: absolute; top: 0px; bottom: 0px; left: 0px; right: 0px; width: 100%; height: 100%;"
              width="32"
            />
          </div>
          <img
            alt="Siipiweikot Helsinki_image"
            class="sc-AxiKw gJLiA"
            src="https://prod-wolt-venue-images-cdn.wolt.com/590c53172b10d62f9ac14830/2b416f8e941ceebb6e5d2e2efc8c81ce"
            style="display: none;"
          />
          <div
            class="sc-AxhCb kNIUKJ"
          >
            <div
              class="sc-AxhUy jZSYEE"
            >
              Siipiweikot Helsinki
            </div>
            <div
              class="sc-AxgMl CORwf"
            >
              Herkullisia hot wingsejä
            </div>
          </div>
          <div
            class="sc-AxheI iXcNiZ"
          >
            <span
              class="sc-Axmtr gbpUmn"
            >
               Delivery 
              3.90
               €
            </span>
            <div
              class="sc-AxmLO cAKCgh"
            >
              <span
                class="sc-fzozJi fSOJId"
              >
                wings
              </span>
              <span
                class="sc-fzozJi fSOJId"
              >
                hotdog
              </span>
            </div>
          </div>
        </div>
        <div
          class="sc-AxirZ hiYudo"
        >
          <div
            style="display: inline-block; height: 158px; width: 210px; position: relative;"
          >
            <canvas
              height="32"
              punch="1"
              style="position: absolute; top: 0px; bottom: 0px; left: 0px; right: 0px; width: 100%; height: 100%;"
              width="32"
            />
          </div>
          <img
            alt="Social Burgerjoint Citycenter_image"
            class="sc-AxiKw gJLiA"
            src="https://prod-wolt-venue-images-cdn.wolt.com/5b348b31fe8992000bbec771/2be8c7738b220df2f9a0974da5c90d90"
            style="display: none;"
          />
          <div
            class="sc-AxhCb kNIUKJ"
          >
            <div
              class="sc-AxhUy jZSYEE"
            >
              Social Burgerjoint Citycenter
            </div>
            <div
              class="sc-AxgMl CORwf"
            >
              Asenneburgeri
            </div>
          </div>
          <div
            class="sc-AxheI iXcNiZ"
          >
            <span
              class="sc-Axmtr gbpUmn"
            >
               Delivery 
              3.90
               €
            </span>
            <div
              class="sc-AxmLO cAKCgh"
            >
              <span
                class="sc-fzozJi fSOJId"
              >
                hamburger
              </span>
              <span
                class="sc-fzozJi fSOJId"
              >
                fries
              </span>
            </div>
          </div>
        </div>
        <div
          class="sc-AxirZ hiYudo"
        >
          <div
            style="display: inline-block; height: 158px; width: 210px; position: relative;"
          >
            <canvas
              height="32"
              punch="1"
              style="position: absolute; top: 0px; bottom: 0px; left: 0px; right: 0px; width: 100%; height: 100%;"
              width="32"
            />
          </div>
          <img
            alt="Soma Food, Kaivokatu_image"
            class="sc-AxiKw gJLiA"
            src="https://prod-wolt-venue-images-cdn.wolt.com/57d7af84b7426f114912b2a1/75742ebe3c411262325c647a3acbd5b2"
            style="display: none;"
          />
          <div
            class="sc-AxhCb kNIUKJ"
          >
            <div
              class="sc-AxhUy jZSYEE"
            >
              Soma Food, Kaivokatu
            </div>
            <div
              class="sc-AxgMl CORwf"
            >
              Ilmiömäisiä sushiburritoja
            </div>
          </div>
          <div
            class="sc-AxheI iXcNiZ"
          >
            <span
              class="sc-Axmtr gbpUmn"
            >
               Delivery 
              3.90
               €
            </span>
            <div
              class="sc-AxmLO cAKCgh"
            >
              <span
                class="sc-fzozJi fSOJId"
              >
                sushi
              </span>
              <span
                class="sc-fzozJi fSOJId"
              >
                burrito
              </span>
            </div>
          </div>
        </div>
        <div
          class="sc-AxirZ hiYudo"
        >
          <div
            style="display: inline-block; height: 158px; width: 210px; position: relative;"
          >
            <canvas
              height="32"
              punch="1"
              style="position: absolute; top: 0px; bottom: 0px; left: 0px; right: 0px; width: 100%; height: 100%;"
              width="32"
            />
          </div>
          <img
            alt="Suburritos_image"
            class="sc-AxiKw gJLiA"
            src="https://prod-wolt-venue-images-cdn.wolt.com/556d62a8ecffe75fb9adcf72/d9656acee3ddeac948e66b9fd9a8bf89"
            style="display: none;"
          />
          <div
            class="sc-AxhCb kNIUKJ"
          >
            <div
              class="sc-AxhUy jZSYEE"
            >
              Suburritos
            </div>
            <div
              class="sc-AxgMl CORwf"
            >
              Pirteä meksikolainen
            </div>
          </div>
          <div
            class="sc-AxheI iXcNiZ"
          >
            <span
              class="sc-Axmtr gbpUmn"
            >
               Delivery 
              3.90
               €
            </span>
            <div
              class="sc-AxmLO cAKCgh"
            >
              <span
                class="sc-fzozJi fSOJId"
              >
                mexican
              </span>
              <span
                class="sc-fzozJi fSOJId"
              >
                burrito
              </span>
            </div>
          </div>
        </div>
        <div
          class="sc-AxirZ hiYudo"
        >
          <div
            style="display: inline-block; height: 158px; width: 210px; position: relative;"
          >
            <canvas
              height="32"
              punch="1"
              style="position: absolute; top: 0px; bottom: 0px; left: 0px; right: 0px; width: 100%; height: 100%;"
              width="32"
            />
          </div>
          <img
            alt="Sushibar + Wine City_image"
            class="sc-AxiKw gJLiA"
            src="https://prod-wolt-venue-images-cdn.wolt.com/5afebf92317288000b8e4c17/24797b40bc5f136cb5605f4de79c0a42"
            style="display: none;"
          />
          <div
            class="sc-AxhCb kNIUKJ"
          >
            <div
              class="sc-AxhUy jZSYEE"
            >
              Sushibar + Wine City
            </div>
            <div
              class="sc-AxgMl CORwf"
            >
              Urbaani citysuunnistaja keskustassa
            </div>
          </div>
          <div
            class="sc-AxheI iXcNiZ"
          >
            <span
              class="sc-Axmtr gbpUmn"
            >
               Delivery 
              3.90
               €
            </span>
            <div
              class="sc-AxmLO cAKCgh"
            >
              <span
                class="sc-fzozJi fSOJId"
              >
                sushi
              </span>
              <span
                class="sc-fzozJi fSOJId"
              >
                japanese
              </span>
            </div>
          </div>
        </div>
        <div
          class="sc-AxirZ hiYudo"
        >
          <div
            style="display: inline-block; height: 158px; width: 210px; position: relative;"
          >
            <canvas
              height="32"
              punch="1"
              style="position: absolute; top: 0px; bottom: 0px; left: 0px; right: 0px; width: 100%; height: 100%;"
              width="32"
            />
          </div>
          <img
            alt="Taco Bell Baker's_image"
            class="sc-AxiKw gJLiA"
            src="https://prod-wolt-venue-images-cdn.wolt.com/5ba4c27fc541b0000c1d15c3/6f47829d0b2a7f3fa357416eb04edd01-edits/7487c59e28f78880753406a4315752b8"
            style="display: none;"
          />
          <div
            class="sc-AxhCb kNIUKJ"
          >
            <div
              class="sc-AxhUy jZSYEE"
            >
              Taco Bell Baker's
            </div>
            <div
              class="sc-AxgMl CORwf"
            >
              Meksikolainen pikaruokaravintola
            </div>
          </div>
          <div
            class="sc-AxheI iXcNiZ"
          >
            <span
              class="sc-Axmtr gbpUmn"
            >
               Delivery 
              3.90
               €
            </span>
            <div
              class="sc-AxmLO cAKCgh"
            >
              <span
                class="sc-fzozJi fSOJId"
              >
                mexican
              </span>
              <span
                class="sc-fzozJi fSOJId"
              >
                taco
              </span>
            </div>
          </div>
        </div>
        <div
          class="sc-AxirZ hiYudo"
        >
          <div
            style="display: inline-block; height: 158px; width: 210px; position: relative;"
          >
            <canvas
              height="32"
              punch="1"
              style="position: absolute; top: 0px; bottom: 0px; left: 0px; right: 0px; width: 100%; height: 100%;"
              width="32"
            />
          </div>
          <img
            alt="Vapiano Mikonkatu_image"
            class="sc-AxiKw gJLiA"
            src="https://prod-wolt-venue-images-cdn.wolt.com/5c1bb3c58d5781000abfd079/0ff324c4df574ddc1a6699cf26992b55"
            style="display: none;"
          />
          <div
            class="sc-AxhCb kNIUKJ"
          >
            <div
              class="sc-AxhUy jZSYEE"
            >
              Vapiano Mikonkatu
            </div>
            <div
              class="sc-AxgMl CORwf"
            >
              Home of Freshness
            </div>
          </div>
          <div
            class="sc-AxheI iXcNiZ"
          >
            <span
              class="sc-Axmtr gbpUmn"
            >
               Delivery 
              3.90
               €
            </span>
            <div
              class="sc-AxmLO cAKCgh"
            >
              <span
                class="sc-fzozJi fSOJId"
              >
                pizza
              </span>
              <span
                class="sc-fzozJi fSOJId"
              >
                pasta
              </span>
            </div>
          </div>
        </div>
        <div
          class="sc-AxirZ hiYudo"
        >
          <div
            style="display: inline-block; height: 158px; width: 210px; position: relative;"
          >
            <canvas
              height="32"
              punch="1"
              style="position: absolute; top: 0px; bottom: 0px; left: 0px; right: 0px; width: 100%; height: 100%;"
              width="32"
            />
          </div>
          <img
            alt="Woolshed – Australian Gastropub_image"
            class="sc-AxiKw gJLiA"
            src="https://prod-wolt-venue-images-cdn.wolt.com/55f71c7ec04ebe16e6859aa7/121b9eccc7d813b541aa42a164fdf4ed"
            style="display: none;"
          />
          <div
            class="sc-AxhCb kNIUKJ"
          >
            <div
              class="sc-AxhUy jZSYEE"
            >
              Woolshed – Australian Gastropub
            </div>
            <div
              class="sc-AxgMl CORwf"
            >
              Gourmet burgerit Australiasta
            </div>
          </div>
          <div
            class="sc-AxheI iXcNiZ"
          >
            <span
              class="sc-Axmtr gbpUmn"
            >
               Delivery 
              3.90
               €
            </span>
            <div
              class="sc-AxmLO cAKCgh"
            >
              <span
                class="sc-fzozJi fSOJId"
              >
                gourmet
              </span>
              <span
                class="sc-fzozJi fSOJId"
              >
                hamburger
              </span>
            </div>
          </div>
        </div>
        <div
          class="sc-AxirZ hiYudo"
        >
          <div
            style="display: inline-block; height: 158px; width: 210px; position: relative;"
          >
            <canvas
              height="32"
              punch="1"
              style="position: absolute; top: 0px; bottom: 0px; left: 0px; right: 0px; width: 100%; height: 100%;"
              width="32"
            />
          </div>
          <img
            alt="Zhonghua_image"
            class="sc-AxiKw gJLiA"
            src="https://prod-wolt-venue-images-cdn.wolt.com/59896f61a417b71d931cad15/fa978b3cd169758ecf13e8b7cd6c6aea"
            style="display: none;"
          />
          <div
            class="sc-AxhCb kNIUKJ"
          >
            <div
              class="sc-AxhUy jZSYEE"
            >
              Zhonghua
            </div>
            <div
              class="sc-AxgMl CORwf"
            >
              Makuja Aasiasta
            </div>
          </div>
          <div
            class="sc-AxheI iXcNiZ"
          >
            <span
              class="sc-Axmtr gbpUmn"
            >
               Delivery 
              3.90
               €
            </span>
            <div
              class="sc-AxmLO cAKCgh"
            >
              <span
                class="sc-fzozJi fSOJId"
              >
                asian
              </span>
              <span
                class="sc-fzozJi fSOJId"
              >
                chinese
              </span>
            </div>
          </div>
        </div>
      </div>
    </div>
  </div>
</div>
`;
